---
created: "2019-07-08T18:41:37.171331Z"
creator: insta@0.8.1
source: src/parser/mod.rs
expression: ast
---
Ok(
    Literal(
        Number(
            2.0,
        ),
        Range {
            start: Pos {
                line: 0,
                column: 0,
            },
            end: Pos {
                line: 0,
                column: 1,
            },
        },
    ),
)
